------------------------------------------------------------
Timing Analyzer Summary
------------------------------------------------------------

Type  : Slow 1200mV 85C Model Setup 'SW[4]'
Slack : -1.258
TNS   : -1.258

Type  : Slow 1200mV 85C Model Setup 'SW[0]'
Slack : -1.181
TNS   : -1.181

Type  : Slow 1200mV 85C Model Hold 'SW[4]'
Slack : 0.446
TNS   : 0.000

Type  : Slow 1200mV 85C Model Hold 'SW[0]'
Slack : 0.576
TNS   : 0.000

Type  : Slow 1200mV 85C Model Minimum Pulse Width 'SW[0]'
Slack : -3.000
TNS   : -3.000

Type  : Slow 1200mV 85C Model Minimum Pulse Width 'SW[4]'
Slack : -3.000
TNS   : -3.000

Type  : Slow 1200mV 0C Model Setup 'SW[4]'
Slack : -1.320
TNS   : -1.320

Type  : Slow 1200mV 0C Model Setup 'SW[0]'
Slack : -1.224
TNS   : -1.224

Type  : Slow 1200mV 0C Model Hold 'SW[4]'
Slack : 0.404
TNS   : 0.000

Type  : Slow 1200mV 0C Model Hold 'SW[0]'
Slack : 0.511
TNS   : 0.000

Type  : Slow 1200mV 0C Model Minimum Pulse Width 'SW[0]'
Slack : -3.000
TNS   : -3.000

Type  : Slow 1200mV 0C Model Minimum Pulse Width 'SW[4]'
Slack : -3.000
TNS   : -3.000

Type  : Fast 1200mV 0C Model Setup 'SW[4]'
Slack : -0.039
TNS   : -0.039

Type  : Fast 1200mV 0C Model Setup 'SW[0]'
Slack : -0.003
TNS   : -0.003

Type  : Fast 1200mV 0C Model Hold 'SW[4]'
Slack : 0.050
TNS   : 0.000

Type  : Fast 1200mV 0C Model Hold 'SW[0]'
Slack : 0.073
TNS   : 0.000

Type  : Fast 1200mV 0C Model Minimum Pulse Width 'SW[4]'
Slack : -3.000
TNS   : -3.991

Type  : Fast 1200mV 0C Model Minimum Pulse Width 'SW[0]'
Slack : -3.000
TNS   : -3.798

------------------------------------------------------------
